This is pdfTeX, Version 3.141592653-2.6-1.40.25 (MiKTeX 23.10) (preloaded format=pdflatex 2025.9.13)  3 AUG 2026 18:24
entering extended mode
 restricted \write18 enabled.
 %&-line parsing enabled.
**./bare_jrnl.tex
(bare_jrnl.tex
LaTeX2e <2023-06-01> patch level 1
L3 programming layer <2023-08-29>
(IEEEtran.cls
Document Class: IEEEtran 2015/08/26 V1.8b by Michael Shell
-- See the "IEEEtran_HOWTO" manual for usage information.
-- http://www.michaelshell.org/tex/ieeetran/
\@IEEEtrantmpdimenA=\dimen140
\@IEEEtrantmpdimenB=\dimen141
\@IEEEtrantmpdimenC=\dimen142
\@IEEEtrantmpcountA=\count185
\@IEEEtrantmpcountB=\count186
\@IEEEtrantmpcountC=\count187
\@IEEEtrantmptoksA=\toks17
LaTeX Font Info:    Trying to load font information for OT1+ptm on input line 5
03.
(D:\MiKTeX\tex/latex/psnfss\ot1ptm.fd
File: ot1ptm.fd 2001/06/04 font definitions for OT1/ptm.
)
-- Using 8.5in x 11in (letter) paper.
-- Using PDF output.
\@IEEEnormalsizeunitybaselineskip=\dimen143
-- This is a 10 point document.
\CLASSINFOnormalsizebaselineskip=\dimen144
\CLASSINFOnormalsizeunitybaselineskip=\dimen145
\IEEEnormaljot=\dimen146
LaTeX Font Info:    Font shape `OT1/ptm/bx/n' in size <5> not available
(Font)              Font shape `OT1/ptm/b/n' tried instead on input line 1090.
LaTeX Font Info:    Font shape `OT1/ptm/bx/it' in size <5> not available
(Font)              Font shape `OT1/ptm/b/it' tried instead on input line 1090.

LaTeX Font Info:    Font shape `OT1/ptm/bx/n' in size <7> not available
(Font)              Font shape `OT1/ptm/b/n' tried instead on input line 1090.
LaTeX Font Info:    Font shape `OT1/ptm/bx/it' in size <7> not available
(Font)              Font shape `OT1/ptm/b/it' tried instead on input line 1090.

LaTeX Font Info:    Font shape `OT1/ptm/bx/n' in size <8> not available
(Font)              Font shape `OT1/ptm/b/n' tried instead on input line 1090.
LaTeX Font Info:    Font shape `OT1/ptm/bx/it' in size <8> not available
(Font)              Font shape `OT1/ptm/b/it' tried instead on input line 1090.

LaTeX Font Info:    Font shape `OT1/ptm/bx/n' in size <9> not available
(Font)              Font shape `OT1/ptm/b/n' tried instead on input line 1090.
LaTeX Font Info:    Font shape `OT1/ptm/bx/it' in size <9> not available
(Font)              Font shape `OT1/ptm/b/it' tried instead on input line 1090.

LaTeX Font Info:    Font shape `OT1/ptm/bx/n' in size <10> not available
(Font)              Font shape `OT1/ptm/b/n' tried instead on input line 1090.
LaTeX Font Info:    Font shape `OT1/ptm/bx/it' in size <10> not available
(Font)              Font shape `OT1/ptm/b/it' tried instead on input line 1090.

LaTeX Font Info:    Font shape `OT1/ptm/bx/n' in size <11> not available
(Font)              Font shape `OT1/ptm/b/n' tried instead on input line 1090.
LaTeX Font Info:    Font shape `OT1/ptm/bx/it' in size <11> not available
(Font)              Font shape `OT1/ptm/b/it' tried instead on input line 1090.

LaTeX Font Info:    Font shape `OT1/ptm/bx/n' in size <12> not available
(Font)              Font shape `OT1/ptm/b/n' tried instead on input line 1090.
LaTeX Font Info:    Font shape `OT1/ptm/bx/it' in size <12> not available
(Font)              Font shape `OT1/ptm/b/it' tried instead on input line 1090.

LaTeX Font Info:    Font shape `OT1/ptm/bx/n' in size <17> not available
(Font)              Font shape `OT1/ptm/b/n' tried instead on input line 1090.
LaTeX Font Info:    Font shape `OT1/ptm/bx/it' in size <17> not available
(Font)              Font shape `OT1/ptm/b/it' tried instead on input line 1090.

LaTeX Font Info:    Font shape `OT1/ptm/bx/n' in size <20> not available
(Font)              Font shape `OT1/ptm/b/n' tried instead on input line 1090.
LaTeX Font Info:    Font shape `OT1/ptm/bx/it' in size <20> not available
(Font)              Font shape `OT1/ptm/b/it' tried instead on input line 1090.

LaTeX Font Info:    Font shape `OT1/ptm/bx/n' in size <24> not available
(Font)              Font shape `OT1/ptm/b/n' tried instead on input line 1090.
LaTeX Font Info:    Font shape `OT1/ptm/bx/it' in size <24> not available
(Font)              Font shape `OT1/ptm/b/it' tried instead on input line 1090.

\IEEEquantizedlength=\dimen147
\IEEEquantizedlengthdiff=\dimen148
\IEEEquantizedtextheightdiff=\dimen149
\IEEEilabelindentA=\dimen150
\IEEEilabelindentB=\dimen151
\IEEEilabelindent=\dimen152
\IEEEelabelindent=\dimen153
\IEEEdlabelindent=\dimen154
\IEEElabelindent=\dimen155
\IEEEiednormlabelsep=\dimen156
\IEEEiedmathlabelsep=\dimen157
\IEEEiedtopsep=\skip48
\c@section=\count188
\c@subsection=\count189
\c@subsubsection=\count190
\c@paragraph=\count191
\c@IEEEsubequation=\count192
\abovecaptionskip=\skip49
\belowcaptionskip=\skip50
\c@figure=\count193
\c@table=\count194
\@IEEEeqnnumcols=\count195
\@IEEEeqncolcnt=\count196
\@IEEEsubeqnnumrollback=\count197
\@IEEEquantizeheightA=\dimen158
\@IEEEquantizeheightB=\dimen159
\@IEEEquantizeheightC=\dimen160
\@IEEEquantizeprevdepth=\dimen161
\@IEEEquantizemultiple=\count198
\@IEEEquantizeboxA=\box51
\@IEEEtmpitemindent=\dimen162
\IEEEPARstartletwidth=\dimen163
\c@IEEEbiography=\count199
\@IEEEtranrubishbin=\box52
) (D:\MiKTeX\tex/latex/amsmath\amsmath.sty
Package: amsmath 2023/05/13 v2.17o AMS math features
\@mathmargin=\skip51

For additional information on amsmath, use the `?' option.
(D:\MiKTeX\tex/latex/amsmath\amstext.sty
Package: amstext 2021/08/26 v2.01 AMS text

(D:\MiKTeX\tex/latex/amsmath\amsgen.sty
File: amsgen.sty 1999/11/30 v2.0 generic functions
\@emptytoks=\toks18
\ex@=\dimen164
))
(D:\MiKTeX\tex/latex/amsmath\amsbsy.sty
Package: amsbsy 1999/11/29 v1.2d Bold Symbols
\pmbraise@=\dimen165
)
(D:\MiKTeX\tex/latex/amsmath\amsopn.sty
Package: amsopn 2022/04/08 v2.04 operator names
)
\inf@bad=\count266
LaTeX Info: Redefining \frac on input line 234.
\uproot@=\count267
\leftroot@=\count268
LaTeX Info: Redefining \overline on input line 399.
LaTeX Info: Redefining \colon on input line 410.
\classnum@=\count269
\DOTSCASE@=\count270
LaTeX Info: Redefining \ldots on input line 496.
LaTeX Info: Redefining \dots on input line 499.
LaTeX Info: Redefining \cdots on input line 620.
\Mathstrutbox@=\box53
\strutbox@=\box54
LaTeX Info: Redefining \big on input line 722.
LaTeX Info: Redefining \Big on input line 723.
LaTeX Info: Redefining \bigg on input line 724.
LaTeX Info: Redefining \Bigg on input line 725.
\big@size=\dimen166
LaTeX Font Info:    Redeclaring font encoding OML on input line 743.
LaTeX Font Info:    Redeclaring font encoding OMS on input line 744.
\macc@depth=\count271
LaTeX Info: Redefining \bmod on input line 905.
LaTeX Info: Redefining \pmod on input line 910.
LaTeX Info: Redefining \smash on input line 940.
LaTeX Info: Redefining \relbar on input line 970.
LaTeX Info: Redefining \Relbar on input line 971.
\c@MaxMatrixCols=\count272
\dotsspace@=\muskip16
\c@parentequation=\count273
\dspbrk@lvl=\count274
\tag@help=\toks19
\row@=\count275
\column@=\count276
\maxfields@=\count277
\andhelp@=\toks20
\eqnshift@=\dimen167
\alignsep@=\dimen168
\tagshift@=\dimen169
\tagwidth@=\dimen170
\totwidth@=\dimen171
\lineht@=\dimen172
\@envbody=\toks21
\multlinegap=\skip52
\multlinetaggap=\skip53
\mathdisplay@stack=\toks22
LaTeX Info: Redefining \[ on input line 2953.
LaTeX Info: Redefining \] on input line 2954.
)
(D:\MiKTeX\tex/latex/amsfonts\amssymb.sty
Package: amssymb 2013/01/14 v3.01 AMS font symbols

(D:\MiKTeX\tex/latex/amsfonts\amsfonts.sty
Package: amsfonts 2013/01/14 v3.01 Basic AMSFonts support
\symAMSa=\mathgroup4
\symAMSb=\mathgroup5
LaTeX Font Info:    Redeclaring math symbol \hbar on input line 98.
LaTeX Font Info:    Overwriting math alphabet `\mathfrak' in version `bold'
(Font)                  U/euf/m/n --> U/euf/b/n on input line 106.
))
(D:\MiKTeX\tex/latex/graphics\graphicx.sty
Package: graphicx 2021/09/16 v1.2d Enhanced LaTeX Graphics (DPC,SPQR)

(D:\MiKTeX\tex/latex/graphics\keyval.sty
Package: keyval 2022/05/29 v1.15 key=value parser (DPC)
\KV@toks@=\toks23
)
(D:\MiKTeX\tex/latex/graphics\graphics.sty
Package: graphics 2022/03/10 v1.4e Standard LaTeX Graphics (DPC,SPQR)

(D:\MiKTeX\tex/latex/graphics\trig.sty
Package: trig 2021/08/11 v1.11 sin cos tan (DPC)
)
(D:\MiKTeX\tex/latex/graphics-cfg\graphics.cfg
File: graphics.cfg 2016/06/04 v1.11 sample graphics configuration
)
Package graphics Info: Driver file: pdftex.def on input line 107.

(D:\MiKTeX\tex/latex/graphics-def\pdftex.def
File: pdftex.def 2022/09/22 v1.2b Graphics/color driver for pdftex
))
\Gin@req@height=\dimen173
\Gin@req@width=\dimen174
)
(D:\MiKTeX\tex/latex/cite\cite.sty
LaTeX Info: Redefining \cite on input line 302.
LaTeX Info: Redefining \nocite on input line 332.
Package: cite 2015/02/27  v 5.5
)
(D:\MiKTeX\tex/latex/algorithms\algorithm.sty
Package: algorithm 2009/08/24 v0.1 Document Style `algorithm' - floating enviro
nment

(D:\MiKTeX\tex/latex/float\float.sty
Package: float 2001/11/08 v1.3d Float enhancements (AL)
\c@float@type=\count278
\float@exts=\toks24
\float@box=\box55
\@float@everytoks=\toks25
\@floatcapt=\box56
) (D:\MiKTeX\tex/latex/base\ifthen.sty
Package: ifthen 2022/04/13 v1.1d Standard LaTeX ifthen package (DPC)
)
\@float@every@algorithm=\toks26
\c@algorithm=\count279
)
(D:\MiKTeX\tex/latex/algorithms\algorithmic.sty
Package: algorithmic 2009/08/24 v0.1 Document Style `algorithmic'
\c@ALC@unique=\count280
\c@ALC@line=\count281
\c@ALC@rem=\count282
\c@ALC@depth=\count283
\ALC@tlm=\skip54
\algorithmicindent=\skip55
)
(D:\MiKTeX\tex/latex/graphics\color.sty
Package: color 2022/01/06 v1.3d Standard LaTeX Color (DPC)

(D:\MiKTeX\tex/latex/graphics-cfg\color.cfg
File: color.cfg 2016/01/02 v1.6 sample color configuration
)
Package color Info: Driver file: pdftex.def on input line 149.

(D:\MiKTeX\tex/latex/graphics\mathcolor.ltx)) (D:\MiKTeX\tex/latex/tools\bm.sty
Package: bm 2022/01/05 v1.2f Bold Symbol Support (DPC/FMi)
\symboldoperators=\mathgroup6
\symboldletters=\mathgroup7
\symboldsymbols=\mathgroup8
Package bm Info: No bold for \OMX/cmex/m/n, using \pmb.
Package bm Info: No bold for \U/msa/m/n, using \pmb.
Package bm Info: No bold for \U/msb/m/n, using \pmb.
LaTeX Font Info:    Redeclaring math alphabet \mathbf on input line 149.
) (D:\MiKTeX\tex/latex/mathtools\mathtools.sty
Package: mathtools 2024/10/04 v1.31 mathematical typesetting tools

(D:\MiKTeX\tex/latex/tools\calc.sty
Package: calc 2017/05/25 v4.3 Infix arithmetic (KKT,FJ)
\calc@Acount=\count284
\calc@Bcount=\count285
\calc@Adimen=\dimen175
\calc@Bdimen=\dimen176
\calc@Askip=\skip56
\calc@Bskip=\skip57
LaTeX Info: Redefining \setlength on input line 80.
LaTeX Info: Redefining \addtolength on input line 81.
\calc@Ccount=\count286
\calc@Cskip=\skip58
) (D:\MiKTeX\tex/latex/mathtools\mhsetup.sty
Package: mhsetup 2021/03/18 v1.4 programming setup (MH)
)
\g_MT_multlinerow_int=\count287
\l_MT_multwidth_dim=\dimen177
\origjot=\skip59
\l_MT_shortvdotswithinadjustabove_dim=\dimen178
\l_MT_shortvdotswithinadjustbelow_dim=\dimen179
\l_MT_above_intertext_sep=\dimen180
\l_MT_below_intertext_sep=\dimen181
\l_MT_above_shortintertext_sep=\dimen182
\l_MT_below_shortintertext_sep=\dimen183
\xmathstrut@box=\box57
\xmathstrut@dim=\dimen184
) (D:\MiKTeX\tex/latex/hyperref\hyperref.sty
Package: hyperref 2023-07-08 v7.01b Hypertext links for LaTeX

(D:\MiKTeX\tex/generic/ltxcmds\ltxcmds.sty
Package: ltxcmds 2023-12-04 v1.26 LaTeX kernel commands for general use (HO)
)
(D:\MiKTeX\tex/generic/iftex\iftex.sty
Package: iftex 2022/02/03 v1.0f TeX engine tests
)
(D:\MiKTeX\tex/generic/pdftexcmds\pdftexcmds.sty
Package: pdftexcmds 2020-06-27 v0.33 Utility functions of pdfTeX for LuaTeX (HO
)

(D:\MiKTeX\tex/generic/infwarerr\infwarerr.sty
Package: infwarerr 2019/12/03 v1.5 Providing info/warning/error messages (HO)
)
Package pdftexcmds Info: \pdf@primitive is available.
Package pdftexcmds Info: \pdf@ifprimitive is available.
Package pdftexcmds Info: \pdfdraftmode found.
)
(D:\MiKTeX\tex/latex/kvsetkeys\kvsetkeys.sty
Package: kvsetkeys 2022-10-05 v1.19 Key value parser (HO)
)
(D:\MiKTeX\tex/generic/kvdefinekeys\kvdefinekeys.sty
Package: kvdefinekeys 2019-12-19 v1.6 Define keys (HO)
)
(D:\MiKTeX\tex/generic/pdfescape\pdfescape.sty
Package: pdfescape 2019/12/09 v1.15 Implements pdfTeX's escape features (HO)
)
(D:\MiKTeX\tex/latex/hycolor\hycolor.sty
Package: hycolor 2020-01-27 v1.10 Color options for hyperref/bookmark (HO)
)
(D:\MiKTeX\tex/latex/letltxmacro\letltxmacro.sty
Package: letltxmacro 2019/12/03 v1.6 Let assignment for LaTeX macros (HO)
)
(D:\MiKTeX\tex/latex/auxhook\auxhook.sty
Package: auxhook 2019-12-17 v1.6 Hooks for auxiliary files (HO)
)
(D:\MiKTeX\tex/latex/hyperref\nameref.sty
Package: nameref 2023-08-07 v2.53 Cross-referencing by name of section

(D:\MiKTeX\tex/latex/refcount\refcount.sty
Package: refcount 2019/12/15 v3.6 Data extraction from label references (HO)
)
(D:\MiKTeX\tex/generic/gettitlestring\gettitlestring.sty
Package: gettitlestring 2019/12/15 v1.6 Cleanup title references (HO)

(D:\MiKTeX\tex/latex/kvoptions\kvoptions.sty
Package: kvoptions 2022-06-15 v3.15 Key value format for package options (HO)
))
\c@section@level=\count288
)
(D:\MiKTeX\tex/latex/etoolbox\etoolbox.sty
Package: etoolbox 2020/10/05 v2.5k e-TeX tools for LaTeX (JAW)
\etb@tempcnta=\count289
)
\@linkdim=\dimen185
\Hy@linkcounter=\count290
\Hy@pagecounter=\count291

(D:\MiKTeX\tex/latex/hyperref\pd1enc.def
File: pd1enc.def 2023-07-08 v7.01b Hyperref: PDFDocEncoding definition (HO)
Now handling font encoding PD1 ...
... no UTF-8 mapping file for font encoding PD1
)
(D:\MiKTeX\tex/generic/intcalc\intcalc.sty
Package: intcalc 2019/12/15 v1.3 Expandable calculations with integers (HO)
)
\Hy@SavedSpaceFactor=\count292

(D:\MiKTeX\tex/latex/hyperref\puenc.def
File: puenc.def 2023-07-08 v7.01b Hyperref: PDF Unicode definition (HO)
Now handling font encoding PU ...
... no UTF-8 mapping file for font encoding PU
)
Package hyperref Info: Hyper figures OFF on input line 4167.
Package hyperref Info: Link nesting OFF on input line 4172.
Package hyperref Info: Hyper index ON on input line 4175.
Package hyperref Info: Plain pages OFF on input line 4182.
Package hyperref Info: Backreferencing OFF on input line 4187.
Package hyperref Info: Implicit mode ON; LaTeX internals redefined.
Package hyperref Info: Bookmarks ON on input line 4434.
\c@Hy@tempcnt=\count293
 (D:\MiKTeX\tex/latex/url\url.sty
\Urlmuskip=\muskip17
Package: url 2013/09/16  ver 3.4  Verb mode for urls, etc.
)
LaTeX Info: Redefining \url on input line 4772.
\XeTeXLinkMargin=\dimen186

(D:\MiKTeX\tex/generic/bitset\bitset.sty
Package: bitset 2019/12/09 v1.3 Handle bit-vector datatype (HO)

(D:\MiKTeX\tex/generic/bigintcalc\bigintcalc.sty
Package: bigintcalc 2019/12/15 v1.5 Expandable calculations on big integers (HO
)
))
\Fld@menulength=\count294
\Field@Width=\dimen187
\Fld@charsize=\dimen188
Package hyperref Info: Hyper figures OFF on input line 6051.
Package hyperref Info: Link nesting OFF on input line 6056.
Package hyperref Info: Hyper index ON on input line 6059.
Package hyperref Info: backreferencing OFF on input line 6066.
Package hyperref Info: Link coloring OFF on input line 6071.
Package hyperref Info: Link coloring with OCG OFF on input line 6076.
Package hyperref Info: PDF/A mode OFF on input line 6081.

(D:\MiKTeX\tex/latex/base\atbegshi-ltx.sty
Package: atbegshi-ltx 2021/01/10 v1.0c Emulation of the original atbegshi
package with kernel methods
)
\Hy@abspage=\count295
\c@Item=\count296
\c@Hfootnote=\count297
)
Package hyperref Info: Driver (autodetected): hpdftex.

(D:\MiKTeX\tex/latex/hyperref\hpdftex.def
File: hpdftex.def 2023-07-08 v7.01b Hyperref driver for pdfTeX

(D:\MiKTeX\tex/latex/base\atveryend-ltx.sty
Package: atveryend-ltx 2020/08/19 v1.0a Emulation of the original atveryend pac
kage
with kernel methods
)
\Fld@listcount=\count298
\c@bookmark@seq@number=\count299

(D:\MiKTeX\tex/latex/rerunfilecheck\rerunfilecheck.sty
Package: rerunfilecheck 2025-06-21 v1.11 Rerun checks for auxiliary files (HO)

(D:\MiKTeX\tex/generic/uniquecounter\uniquecounter.sty
Package: uniquecounter 2019/12/15 v1.4 Provide unlimited unique counter (HO)
)
Package uniquecounter Info: New unique counter `rerunfilecheck' on input line 2
84.
)
\Hy@SectionHShift=\skip60
)
(D:\MiKTeX\tex/latex/xcolor\xcolor.sty
Package: xcolor 2022/06/12 v2.14 LaTeX color extensions (UK)

(D:\MiKTeX\tex/latex/graphics-cfg\color.cfg
File: color.cfg 2016/01/02 v1.6 sample color configuration
)
Package xcolor Info: Driver file: pdftex.def on input line 227.
LaTeX Info: Redefining \color on input line 711.

(D:\MiKTeX\tex/latex/graphics\mathcolor.ltx)
Package xcolor Info: Model `cmy' substituted by `cmy0' on input line 1353.
Package xcolor Info: Model `hsb' substituted by `rgb' on input line 1357.
Package xcolor Info: Model `RGB' extended on input line 1369.
Package xcolor Info: Model `HTML' substituted by `rgb' on input line 1371.
Package xcolor Info: Model `Hsb' substituted by `hsb' on input line 1372.
Package xcolor Info: Model `tHsb' substituted by `hsb' on input line 1373.
Package xcolor Info: Model `HSB' substituted by `hsb' on input line 1374.
Package xcolor Info: Model `Gray' substituted by `gray' on input line 1375.
Package xcolor Info: Model `wave' substituted by `hsb' on input line 1376.
)
(D:\MiKTeX\tex/latex/caption\subcaption.sty
Package: subcaption 2023/07/28 v1.6b Sub-captions (AR)

(D:\MiKTeX\tex/latex/caption\caption.sty
Package: caption 2023/08/05 v3.6o Customizing captions (AR)

(D:\MiKTeX\tex/latex/caption\caption3.sty
Package: caption3 2023/07/31 v2.4d caption3 kernel (AR)
\caption@tempdima=\dimen189
\captionmargin=\dimen190
\caption@leftmargin=\dimen191
\caption@rightmargin=\dimen192
\caption@width=\dimen193
\caption@indent=\dimen194
\caption@parindent=\dimen195
\caption@hangindent=\dimen196
Package caption Info: Unknown document class (or package),
(caption)             standard defaults will be used.
Package caption Info: \@makecaption = \long macro:#1#2->\ifx \@captype \@IEEEta
blestring \footnotesize \bgroup \par \centering \@IEEEtabletopskipstrut {\norma
lfont \footnotesize #1}\\{\normalfont \footnotesize \scshape #2}\par \addvspace
 {0.5\baselineskip }\egroup \@IEEEtablecaptionsepspace \else \@IEEEfigurecaptio
nsepspace \setbox \@tempboxa \hbox {\normalfont \footnotesize {#1.}\nobreakspac
e \nobreakspace #2}\ifdim \wd \@tempboxa >\hsize \setbox \@tempboxa \hbox {\nor
malfont \footnotesize {#1.}\nobreakspace \nobreakspace }\parbox [t]{\hsize }{\n
ormalfont \footnotesize \noindent \unhbox \@tempboxa #2}\else \ifCLASSOPTIONcon
ference \hbox to\hsize {\normalfont \footnotesize \hfil \box \@tempboxa \hfil }
\else \hbox to\hsize {\normalfont \footnotesize \box \@tempboxa \hfil }\fi \fi 
\fi  on input line 1175.
)

Package caption Warning: Unknown document class (or package),
(caption)                standard defaults will be used.
See the caption package documentation for explanation.

\c@caption@flags=\count300
\c@continuedfloat=\count301
Package caption Info: float package is loaded.
Package caption Info: hyperref package is loaded.
)
Package caption Info: New subtype `subfigure' on input line 238.
\c@subfigure=\count302
Package caption Info: New subtype `subtable' on input line 238.
\c@subtable=\count303
)
\c@assumption=\count304
\c@lemma=\count305
\c@remark=\count306
\c@theorem=\count307
\c@proposition=\count308
\c@extension=\count309
\c@definition=\count310
\c@proof=\count311
\c@property=\count312
 (D:\MiKTeX\tex/latex/l3backend\l3backend-pdftex.def
File: l3backend-pdftex.def 2023-04-19 L3 backend support: PDF output (pdfTeX)
\l__color_backend_stack_int=\count313
\l__pdf_internal_box=\box58
) (bare_jrnl.aux)
\openout1 = `bare_jrnl.aux'.

LaTeX Font Info:    Checking defaults for OML/cmm/m/it on input line 376.
LaTeX Font Info:    ... okay on input line 376.
LaTeX Font Info:    Checking defaults for OMS/cmsy/m/n on input line 376.
LaTeX Font Info:    ... okay on input line 376.
LaTeX Font Info:    Checking defaults for OT1/cmr/m/n on input line 376.
LaTeX Font Info:    ... okay on input line 376.
LaTeX Font Info:    Checking defaults for T1/cmr/m/n on input line 376.
LaTeX Font Info:    ... okay on input line 376.
LaTeX Font Info:    Checking defaults for TS1/cmr/m/n on input line 376.
LaTeX Font Info:    ... okay on input line 376.
LaTeX Font Info:    Checking defaults for OMX/cmex/m/n on input line 376.
LaTeX Font Info:    ... okay on input line 376.
LaTeX Font Info:    Checking defaults for U/cmr/m/n on input line 376.
LaTeX Font Info:    ... okay on input line 376.
LaTeX Font Info:    Checking defaults for PD1/pdf/m/n on input line 376.
LaTeX Font Info:    ... okay on input line 376.
LaTeX Font Info:    Checking defaults for PU/pdf/m/n on input line 376.
LaTeX Font Info:    ... okay on input line 376.

-- Lines per column: 58 (exact).
(D:\MiKTeX\tex/context/base/mkii\supp-pdf.mkii
[Loading MPS to PDF converter (version 2006.09.02).]
\scratchcounter=\count314
\scratchdimen=\dimen197
\scratchbox=\box59
\nofMPsegments=\count315
\nofMParguments=\count316
\everyMPshowfont=\toks27
\MPscratchCnt=\count317
\MPscratchDim=\dimen198
\MPnumerator=\count318
\makeMPintoPDFobject=\count319
\everyMPtoPDFconversion=\toks28
) (D:\MiKTeX\tex/latex/epstopdf-pkg\epstopdf-base.sty
Package: epstopdf-base 2020-01-24 v2.11 Base part for package epstopdf
Package epstopdf-base Info: Redefining graphics rule for `.eps' on input line 4
85.

(D:\MiKTeX\tex/latex/00miktex\epstopdf-sys.cfg
File: epstopdf-sys.cfg 2021/03/18 v2.0 Configuration of epstopdf for MiKTeX
))
Package hyperref Info: Link coloring OFF on input line 376.
 (bare_jrnl.out) (bare_jrnl.out)
\@outlinefile=\write3
\openout3 = `bare_jrnl.out'.

Package caption Info: Begin \AtBeginDocument code.
Package caption Info: End \AtBeginDocument code.

Underfull \hbox (badness 4940) in paragraph at lines 405--405
[][][]\OT1/ptm/m/n/8 Yiheng Lyu is with Nan-jing Tech Uni-ver-sity, Shang-hai (
e-mail:
 []

LaTeX Font Info:    Trying to load font information for U+msa on input line 407
.
(D:\MiKTeX\tex/latex/amsfonts\umsa.fd
File: umsa.fd 2013/01/14 v3.01 AMS symbols A
)
LaTeX Font Info:    Trying to load font information for U+msb on input line 407
.
 (D:\MiKTeX\tex/latex/amsfonts\umsb.fd
File: umsb.fd 2013/01/14 v3.01 AMS symbols B
)
(sections/Introduction.tex) (sections/Preliminaries.tex [1{C:/Users/Xheng/AppDa
ta/Local/MiKTeX/fonts/map/pdftex/pdftex.map}{D:/MiKTeX/fonts/enc/dvips/base/8r.
enc}


]) (sections/Problem Formulation.tex [2]) (sections/Controller Design.tex)
(sections/Stability Analysis.tex [3]

Package hyperref Warning: Token not allowed in a PDF string (Unicode):
(hyperref)                removing `math shift' on input line 214.


Package hyperref Warning: Token not allowed in a PDF string (Unicode):
(hyperref)                removing `\sigma' on input line 214.


Package hyperref Warning: Token not allowed in a PDF string (Unicode):
(hyperref)                removing `math shift' on input line 214.


Overfull \hbox (14.96103pt too wide) detected at line 253
[][][][] \OT1/cmr/m/n/10 = \OMS/cmsy/m/n/10 ^^@[]\OML/cmm/m/it/10 X[]QX \OT1/cm
r/m/n/10 + \OML/cmm/m/it/10 X[]PB" \OT1/cmr/m/n/10 + [] [] [] \OML/cmm/m/it/10 
:
 []

[4]) (sections/Simulation.tex
Overfull \hbox (14.59792pt too wide) in paragraph at lines 12--24
 [][] 
 []

<result_pdf/chap6_1sim.pdf, id=251, 794.97pt x 614.295pt>
File: result_pdf/chap6_1sim.pdf Graphic file (type pdf)
<use result_pdf/chap6_1sim.pdf>
Package pdftex.def Info: result_pdf/chap6_1sim.pdf  used on input line 55.
(pdftex.def)             Requested size: 247.6778pt x 191.38556pt.
[5]

Package hyperref Warning: Token not allowed in a PDF string (Unicode):
(hyperref)                removing `math shift' on input line 138.


Package hyperref Warning: Token not allowed in a PDF string (Unicode):
(hyperref)                removing `math shift' on input line 138.

<result_pdf/chap1_S=1_displacementandvelocity.pdf, id=272, 843.15pt x 632.3625p
t>
File: result_pdf/chap1_S=1_displacementandvelocity.pdf Graphic file (type pdf)
<use result_pdf/chap1_S=1_displacementandvelocity.pdf>
Package pdftex.def Info: result_pdf/chap1_S=1_displacementandvelocity.pdf  used
 on input line 148.
(pdftex.def)             Requested size: 247.6778pt x 185.75409pt.
<result_pdf/chap1_S=1_RBFfx.pdf, id=273, 843.15pt x 632.3625pt>
File: result_pdf/chap1_S=1_RBFfx.pdf Graphic file (type pdf)
<use result_pdf/chap1_S=1_RBFfx.pdf>
Package pdftex.def Info: result_pdf/chap1_S=1_RBFfx.pdf  used on input line 159
.
(pdftex.def)             Requested size: 247.6778pt x 185.75409pt.

Package hyperref Warning: Token not allowed in a PDF string (Unicode):
(hyperref)                removing `math shift' on input line 179.


Package hyperref Warning: Token not allowed in a PDF string (Unicode):
(hyperref)                removing `math shift' on input line 179.

<result_pdf/chap1_S=2_displacementandvelocity.pdf, id=276, 843.15pt x 632.3625p
t>
File: result_pdf/chap1_S=2_displacementandvelocity.pdf Graphic file (type pdf)
<use result_pdf/chap1_S=2_displacementandvelocity.pdf>
Package pdftex.def Info: result_pdf/chap1_S=2_displacementandvelocity.pdf  used
 on input line 193.
(pdftex.def)             Requested size: 247.6778pt x 185.75409pt.
<result_pdf/chap1_S=2_RBFfx.pdf, id=277, 843.15pt x 632.3625pt>
File: result_pdf/chap1_S=2_RBFfx.pdf Graphic file (type pdf)
<use result_pdf/chap1_S=2_RBFfx.pdf>
Package pdftex.def Info: result_pdf/chap1_S=2_RBFfx.pdf  used on input line 204
.
(pdftex.def)             Requested size: 247.6778pt x 185.75409pt.

Package hyperref Warning: Token not allowed in a PDF string (Unicode):
(hyperref)                removing `math shift' on input line 222.


Package hyperref Warning: Token not allowed in a PDF string (Unicode):
(hyperref)                removing `math shift' on input line 222.

[6 <./result_pdf/chap6_1sim.pdf> <./result_pdf/chap1_S=1_displacementandvelocit
y.pdf> <./result_pdf/chap1_S=1_RBFfx.pdf

pdfTeX warning: pdflatex.exe (file ./result_pdf/chap1_S=1_RBFfx.pdf): PDF inclu
sion: multiple pdfs with page group included in a single page
>]
<result_pdf/chap1_S=3_S1=1_displacementandvelocity.pdf, id=324, 843.15pt x 632.
3625pt>
File: result_pdf/chap1_S=3_S1=1_displacementandvelocity.pdf Graphic file (type 
pdf)
<use result_pdf/chap1_S=3_S1=1_displacementandvelocity.pdf>
Package pdftex.def Info: result_pdf/chap1_S=3_S1=1_displacementandvelocity.pdf 
 used on input line 250.
(pdftex.def)             Requested size: 247.6778pt x 185.75409pt.
<result_pdf/chap1_S=3_S1=1_RBFfx.pdf, id=325, 843.15pt x 632.3625pt>
File: result_pdf/chap1_S=3_S1=1_RBFfx.pdf Graphic file (type pdf)
<use result_pdf/chap1_S=3_S1=1_RBFfx.pdf>
Package pdftex.def Info: result_pdf/chap1_S=3_S1=1_RBFfx.pdf  used on input lin
e 262.
(pdftex.def)             Requested size: 247.6778pt x 185.75409pt.
<result_pdf/chap1_S=3_S1=2_displacementandvelocity_m=5.pdf, id=330, 843.15pt x 
632.3625pt>
File: result_pdf/chap1_S=3_S1=2_displacementandvelocity_m=5.pdf Graphic file (t
ype pdf)
<use result_pdf/chap1_S=3_S1=2_displacementandvelocity_m=5.pdf>
Package pdftex.def Info: result_pdf/chap1_S=3_S1=2_displacementandvelocity_m=5.
pdf  used on input line 291.
(pdftex.def)             Requested size: 247.6778pt x 185.75409pt.
<result_pdf/chap1_S=3_S1=2_RBFfx_m=5.pdf, id=331, 843.15pt x 632.3625pt>
File: result_pdf/chap1_S=3_S1=2_RBFfx_m=5.pdf Graphic file (type pdf)
<use result_pdf/chap1_S=3_S1=2_RBFfx_m=5.pdf>
Package pdftex.def Info: result_pdf/chap1_S=3_S1=2_RBFfx_m=5.pdf  used on input
 line 303.
(pdftex.def)             Requested size: 247.6778pt x 185.75409pt.
<result_pdf/chap1_S=3_S1=2_displacementandvelocity_m=19.pdf, id=334, 843.15pt x
 632.3625pt>
File: result_pdf/chap1_S=3_S1=2_displacementandvelocity_m=19.pdf Graphic file (
type pdf)
<use result_pdf/chap1_S=3_S1=2_displacementandvelocity_m=19.pdf>
Package pdftex.def Info: result_pdf/chap1_S=3_S1=2_displacementandvelocity_m=19
.pdf  used on input line 331.
(pdftex.def)             Requested size: 247.6778pt x 185.75409pt.
<result_pdf/chap1_S=3_S1=2_RBFfx_m=19.pdf, id=335, 843.15pt x 632.3625pt>
File: result_pdf/chap1_S=3_S1=2_RBFfx_m=19.pdf Graphic file (type pdf)
<use result_pdf/chap1_S=3_S1=2_RBFfx_m=19.pdf>
Package pdftex.def Info: result_pdf/chap1_S=3_S1=2_RBFfx_m=19.pdf  used on inpu
t line 343.
(pdftex.def)             Requested size: 247.6778pt x 185.75409pt.
 [7 <./result_pdf/chap1_S=2_displacementandvelocity.pdf> <./result_pdf/chap1_S=
2_RBFfx.pdf

pdfTeX warning: pdflatex.exe (file ./result_pdf/chap1_S=2_RBFfx.pdf): PDF inclu
sion: multiple pdfs with page group included in a single page
> <./result_pdf/chap1_S=3_S1=1_displacementandvelocity.pdf

pdfTeX warning: pdflatex.exe (file ./result_pdf/chap1_S=3_S1=1_displacementandv
elocity.pdf): PDF inclusion: multiple pdfs with page group included in a single
 page
> <./result_pdf/chap1_S=3_S1=1_RBFfx.pdf

pdfTeX warning: pdflatex.exe (file ./result_pdf/chap1_S=3_S1=1_RBFfx.pdf): PDF 
inclusion: multiple pdfs with page group included in a single page
>]
<result_pdf/chap6_2sim.pdf, id=394, 794.97pt x 614.295pt>
File: result_pdf/chap6_2sim.pdf Graphic file (type pdf)
<use result_pdf/chap6_2sim.pdf>
Package pdftex.def Info: result_pdf/chap6_2sim.pdf  used on input line 407.
(pdftex.def)             Requested size: 247.6778pt x 191.38556pt.
 [8 <./result_pdf/chap1_S=3_S1=2_displacementandvelocity_m=5.pdf> <./result_pdf
/chap1_S=3_S1=2_RBFfx_m=5.pdf

pdfTeX warning: pdflatex.exe (file ./result_pdf/chap1_S=3_S1=2_RBFfx_m=5.pdf): 
PDF inclusion: multiple pdfs with page group included in a single page
> <./result_pdf/chap1_S=3_S1=2_displacementandvelocity_m=19.pdf

pdfTeX warning: pdflatex.exe (file ./result_pdf/chap1_S=3_S1=2_displacementandv
elocity_m=19.pdf): PDF inclusion: multiple pdfs with page group included in a s
ingle page
> <./result_pdf/chap1_S=3_S1=2_RBFfx_m=19.pdf

pdfTeX warning: pdflatex.exe (file ./result_pdf/chap1_S=3_S1=2_RBFfx_m=19.pdf):
 PDF inclusion: multiple pdfs with page group included in a single page
>]
Overfull \hbox (8.82639pt too wide) detected at line 471
\OML/cmm/m/it/10 v \OT1/cmr/m/n/10 = 13\OML/cmm/m/it/10 :\OT1/cmr/m/n/10 33\OML
/cmm/m/it/10 ;  q[] \OT1/cmr/m/n/10 = 8\OML/cmm/m/it/10 :\OT1/cmr/m/n/10 98\OML
/cmm/m/it/10 ;  q[] \OT1/cmr/m/n/10 = 8\OML/cmm/m/it/10 :\OT1/cmr/m/n/10 75\OML
/cmm/m/it/10 ;  g \OT1/cmr/m/n/10 = 9\OML/cmm/m/it/10 :\OT1/cmr/m/n/10 8 [][]\O
ML/cmm/m/it/10 :
 []

<result_pdf/chap2_S=3_S1=2 Angle tracking of joint 1 and joint 2.pdf, id=445, 8
43.15pt x 632.3625pt>
File: result_pdf/chap2_S=3_S1=2 Angle tracking of joint 1 and joint 2.pdf Graph
ic file (type pdf)
<use result_pdf/chap2_S=3_S1=2 Angle tracking of joint 1 and joint 2.pdf>
Package pdftex.def Info: result_pdf/chap2_S=3_S1=2 Angle tracking of joint 1 an
d joint 2.pdf  used on input line 558.
(pdftex.def)             Requested size: 247.6778pt x 185.75409pt.
<result_pdf/chap2_S=3_S1=2 Angular velocity tracking of joint 1 and joint 2.pdf
, id=446, 843.15pt x 632.3625pt>
File: result_pdf/chap2_S=3_S1=2 Angular velocity tracking of joint 1 and joint 
2.pdf Graphic file (type pdf)
<use result_pdf/chap2_S=3_S1=2 Angular velocity tracking of joint 1 and joint 2
.pdf>
Package pdftex.def Info: result_pdf/chap2_S=3_S1=2 Angular velocity tracking of
 joint 1 and joint 2.pdf  used on input line 570.
(pdftex.def)             Requested size: 247.6778pt x 185.75409pt.
<result_pdf/chap2_S=3_S1=2 Control input of joint 1 and joint 2.pdf, id=448, 84
3.15pt x 632.3625pt>
File: result_pdf/chap2_S=3_S1=2 Control input of joint 1 and joint 2.pdf Graphi
c file (type pdf)
<use result_pdf/chap2_S=3_S1=2 Control input of joint 1 and joint 2.pdf>
Package pdftex.def Info: result_pdf/chap2_S=3_S1=2 Control input of joint 1 and
 joint 2.pdf  used on input line 585.
(pdftex.def)             Requested size: 247.6778pt x 185.75409pt.
<result_pdf/chap2_S=3_S1=2 f(x) of joint 1 and joint 2 and its approximation.pd
f, id=450, 843.15pt x 632.3625pt>
File: result_pdf/chap2_S=3_S1=2 f(x) of joint 1 and joint 2 and its approximati
on.pdf Graphic file (type pdf)
<use result_pdf/chap2_S=3_S1=2 f(x) of joint 1 and joint 2 and its approximatio
n.pdf>
Package pdftex.def Info: result_pdf/chap2_S=3_S1=2 f(x) of joint 1 and joint 2 
and its approximation.pdf  used on input line 601.
(pdftex.def)             Requested size: 247.6778pt x 185.75409pt.
) (sections/Conclusion.tex [9 <./result_pdf/chap6_2sim.pdf> <./result_pdf/chap2
_S=3_S1=2 Angle tracking of joint 1 and joint 2.pdf>]) (sections/FAQ.tex

Package hyperref Warning: Token not allowed in a PDF string (Unicode):
(hyperref)                removing `math shift' on input line 3.


Package hyperref Warning: Token not allowed in a PDF string (Unicode):
(hyperref)                removing `\cdot' on input line 3.


Package hyperref Warning: Token not allowed in a PDF string (Unicode):
(hyperref)                removing `math shift' on input line 3.


Package hyperref Warning: Token not allowed in a PDF string (Unicode):
(hyperref)                removing `math shift' on input line 3.


Package hyperref Warning: Token not allowed in a PDF string (Unicode):
(hyperref)                removing `math shift' on input line 3.

[10 <./result_pdf/chap2_S=3_S1=2 Angular velocity tracking of joint 1 and joint
 2.pdf> <./result_pdf/chap2_S=3_S1=2 Control input of joint 1 and joint 2.pdf

pdfTeX warning: pdflatex.exe (file ./result_pdf/chap2_S=3_S1=2 Control input of
 joint 1 and joint 2.pdf): PDF inclusion: multiple pdfs with page group include
d in a single page
> <./result_pdf/chap2_S=3_S1=2 f(x) of joint 1 and joint 2 and its approximatio
n.pdf

pdfTeX warning: pdflatex.exe (file ./result_pdf/chap2_S=3_S1=2 f(x) of joint 1 
and joint 2 and its approximation.pdf): PDF inclusion: multiple pdfs with page 
group included in a single page
>]) (sections/Python Reproduction Results.tex
<result_pdf/python_result_pdf/Sim1_S=1 Tracking.pdf, id=525, 722.7pt x 578.16pt
>
File: result_pdf/python_result_pdf/Sim1_S=1 Tracking.pdf Graphic file (type pdf
)
<use result_pdf/python_result_pdf/Sim1_S=1 Tracking.pdf>
Package pdftex.def Info: result_pdf/python_result_pdf/Sim1_S=1 Tracking.pdf  us
ed on input line 36.
(pdftex.def)             Requested size: 118.4403pt x 94.74828pt.
<result_pdf/python_result_pdf/Sim1_S=2 Tracking.pdf, id=526, 722.7pt x 578.16pt
>
File: result_pdf/python_result_pdf/Sim1_S=2 Tracking.pdf Graphic file (type pdf
)
<use result_pdf/python_result_pdf/Sim1_S=2 Tracking.pdf>
Package pdftex.def Info: result_pdf/python_result_pdf/Sim1_S=2 Tracking.pdf  us
ed on input line 43.
(pdftex.def)             Requested size: 118.4403pt x 94.74828pt.
<result_pdf/python_result_pdf/Sim1_S=1 Disturbance Estimation.pdf, id=527, 722.
7pt x 361.35pt>
File: result_pdf/python_result_pdf/Sim1_S=1 Disturbance Estimation.pdf Graphic 
file (type pdf)
<use result_pdf/python_result_pdf/Sim1_S=1 Disturbance Estimation.pdf>
Package pdftex.def Info: result_pdf/python_result_pdf/Sim1_S=1 Disturbance Esti
mation.pdf  used on input line 64.
(pdftex.def)             Requested size: 118.4403pt x 59.21767pt.
<result_pdf/python_result_pdf/Sim1_S=2 Disturbance Estimation.pdf, id=528, 722.
7pt x 361.35pt>
File: result_pdf/python_result_pdf/Sim1_S=2 Disturbance Estimation.pdf Graphic 
file (type pdf)
<use result_pdf/python_result_pdf/Sim1_S=2 Disturbance Estimation.pdf>
Package pdftex.def Info: result_pdf/python_result_pdf/Sim1_S=2 Disturbance Esti
mation.pdf  used on input line 71.
(pdftex.def)             Requested size: 118.4403pt x 59.21767pt.
<result_pdf/python_result_pdf/Sim1_S=3_S1=1_m=19 Tracking.pdf, id=529, 722.7pt 
x 578.16pt>
File: result_pdf/python_result_pdf/Sim1_S=3_S1=1_m=19 Tracking.pdf Graphic file
 (type pdf)
<use result_pdf/python_result_pdf/Sim1_S=3_S1=1_m=19 Tracking.pdf>
Package pdftex.def Info: result_pdf/python_result_pdf/Sim1_S=3_S1=1_m=19 Tracki
ng.pdf  used on input line 92.
(pdftex.def)             Requested size: 118.4403pt x 94.74828pt.
<result_pdf/python_result_pdf/Sim1_S=3_S1=2_m=5 Tracking.pdf, id=530, 722.7pt x
 578.16pt>
File: result_pdf/python_result_pdf/Sim1_S=3_S1=2_m=5 Tracking.pdf Graphic file 
(type pdf)
<use result_pdf/python_result_pdf/Sim1_S=3_S1=2_m=5 Tracking.pdf>
Package pdftex.def Info: result_pdf/python_result_pdf/Sim1_S=3_S1=2_m=5 Trackin
g.pdf  used on input line 99.
(pdftex.def)             Requested size: 118.4403pt x 94.74828pt.
<result_pdf/python_result_pdf/Sim1_S=3_S1=2_m=19 Tracking.pdf, id=531, 722.7pt 
x 578.16pt>
File: result_pdf/python_result_pdf/Sim1_S=3_S1=2_m=19 Tracking.pdf Graphic file
 (type pdf)
<use result_pdf/python_result_pdf/Sim1_S=3_S1=2_m=19 Tracking.pdf>
Package pdftex.def Info: result_pdf/python_result_pdf/Sim1_S=3_S1=2_m=19 Tracki
ng.pdf  used on input line 107.
(pdftex.def)             Requested size: 118.4403pt x 94.74828pt.
<result_pdf/python_result_pdf/Sim1_S=3_S1=2_m=50 Tracking.pdf, id=532, 722.7pt 
x 578.16pt>
File: result_pdf/python_result_pdf/Sim1_S=3_S1=2_m=50 Tracking.pdf Graphic file
 (type pdf)
<use result_pdf/python_result_pdf/Sim1_S=3_S1=2_m=50 Tracking.pdf>
Package pdftex.def Info: result_pdf/python_result_pdf/Sim1_S=3_S1=2_m=50 Tracki
ng.pdf  used on input line 114.
(pdftex.def)             Requested size: 118.4403pt x 94.74828pt.
<result_pdf/python_result_pdf/Sim1_S=3_S1=1_m=19 Disturbance Estimation.pdf, id
=533, 722.7pt x 361.35pt>
File: result_pdf/python_result_pdf/Sim1_S=3_S1=1_m=19 Disturbance Estimation.pd
f Graphic file (type pdf)
<use result_pdf/python_result_pdf/Sim1_S=3_S1=1_m=19 Disturbance Estimation.pdf
>
Package pdftex.def Info: result_pdf/python_result_pdf/Sim1_S=3_S1=1_m=19 Distur
bance Estimation.pdf  used on input line 137.
(pdftex.def)             Requested size: 118.4403pt x 59.21767pt.
<result_pdf/python_result_pdf/Sim1_S=3_S1=2_m=5 Disturbance Estimation.pdf, id=
534, 722.7pt x 361.35pt>
File: result_pdf/python_result_pdf/Sim1_S=3_S1=2_m=5 Disturbance Estimation.pdf
 Graphic file (type pdf)
<use result_pdf/python_result_pdf/Sim1_S=3_S1=2_m=5 Disturbance Estimation.pdf>

Package pdftex.def Info: result_pdf/python_result_pdf/Sim1_S=3_S1=2_m=5 Disturb
ance Estimation.pdf  used on input line 144.
(pdftex.def)             Requested size: 118.4403pt x 59.21767pt.
<result_pdf/python_result_pdf/Sim1_S=3_S1=2_m=19 Disturbance Estimation.pdf, id
=535, 722.7pt x 361.35pt>
File: result_pdf/python_result_pdf/Sim1_S=3_S1=2_m=19 Disturbance Estimation.pd
f Graphic file (type pdf)
<use result_pdf/python_result_pdf/Sim1_S=3_S1=2_m=19 Disturbance Estimation.pdf
>
Package pdftex.def Info: result_pdf/python_result_pdf/Sim1_S=3_S1=2_m=19 Distur
bance Estimation.pdf  used on input line 152.
(pdftex.def)             Requested size: 118.4403pt x 59.21767pt.
<result_pdf/python_result_pdf/Sim1_S=3_S1=2_m=50 Disturbance Estimation.pdf, id
=536, 722.7pt x 361.35pt>
File: result_pdf/python_result_pdf/Sim1_S=3_S1=2_m=50 Disturbance Estimation.pd
f Graphic file (type pdf)
<use result_pdf/python_result_pdf/Sim1_S=3_S1=2_m=50 Disturbance Estimation.pdf
>
Package pdftex.def Info: result_pdf/python_result_pdf/Sim1_S=3_S1=2_m=50 Distur
bance Estimation.pdf  used on input line 159.
(pdftex.def)             Requested size: 118.4403pt x 59.21767pt.
<result_pdf/python_result_pdf/Sim2_S=1 Position Tracking.pdf, id=537, 722.7pt x
 578.16pt>
File: result_pdf/python_result_pdf/Sim2_S=1 Position Tracking.pdf Graphic file 
(type pdf)
<use result_pdf/python_result_pdf/Sim2_S=1 Position Tracking.pdf>
Package pdftex.def Info: result_pdf/python_result_pdf/Sim2_S=1 Position Trackin
g.pdf  used on input line 188.
(pdftex.def)             Requested size: 118.4403pt x 94.74828pt.
<result_pdf/python_result_pdf/Sim2_S=2 Position Tracking.pdf, id=538, 722.7pt x
 578.16pt>
File: result_pdf/python_result_pdf/Sim2_S=2 Position Tracking.pdf Graphic file 
(type pdf)
<use result_pdf/python_result_pdf/Sim2_S=2 Position Tracking.pdf>
Package pdftex.def Info: result_pdf/python_result_pdf/Sim2_S=2 Position Trackin
g.pdf  used on input line 195.
(pdftex.def)             Requested size: 118.4403pt x 94.74828pt.
<result_pdf/python_result_pdf/Sim2_S=3_S1=1_m=5 Position Tracking.pdf, id=539, 
722.7pt x 578.16pt>
File: result_pdf/python_result_pdf/Sim2_S=3_S1=1_m=5 Position Tracking.pdf Grap
hic file (type pdf)
<use result_pdf/python_result_pdf/Sim2_S=3_S1=1_m=5 Position Tracking.pdf>
Package pdftex.def Info: result_pdf/python_result_pdf/Sim2_S=3_S1=1_m=5 Positio
n Tracking.pdf  used on input line 203.
(pdftex.def)             Requested size: 118.4403pt x 94.74828pt.
<result_pdf/python_result_pdf/Sim2_S=3_S1=2_m=5 Position Tracking.pdf, id=540, 
722.7pt x 578.16pt>
File: result_pdf/python_result_pdf/Sim2_S=3_S1=2_m=5 Position Tracking.pdf Grap
hic file (type pdf)
<use result_pdf/python_result_pdf/Sim2_S=3_S1=2_m=5 Position Tracking.pdf>
Package pdftex.def Info: result_pdf/python_result_pdf/Sim2_S=3_S1=2_m=5 Positio
n Tracking.pdf  used on input line 210.
(pdftex.def)             Requested size: 118.4403pt x 94.74828pt.
<result_pdf/python_result_pdf/Sim2_S=1 Speed Tracking.pdf, id=541, 722.7pt x 57
8.16pt>
File: result_pdf/python_result_pdf/Sim2_S=1 Speed Tracking.pdf Graphic file (ty
pe pdf)
<use result_pdf/python_result_pdf/Sim2_S=1 Speed Tracking.pdf>
Package pdftex.def Info: result_pdf/python_result_pdf/Sim2_S=1 Speed Tracking.p
df  used on input line 232.
(pdftex.def)             Requested size: 118.4403pt x 94.74828pt.
<result_pdf/python_result_pdf/Sim2_S=2 Speed Tracking.pdf, id=542, 722.7pt x 57
8.16pt>
File: result_pdf/python_result_pdf/Sim2_S=2 Speed Tracking.pdf Graphic file (ty
pe pdf)
<use result_pdf/python_result_pdf/Sim2_S=2 Speed Tracking.pdf>
Package pdftex.def Info: result_pdf/python_result_pdf/Sim2_S=2 Speed Tracking.p
df  used on input line 239.
(pdftex.def)             Requested size: 118.4403pt x 94.74828pt.
<result_pdf/python_result_pdf/Sim2_S=3_S1=1_m=5 Speed Tracking.pdf, id=543, 722
.7pt x 578.16pt>
File: result_pdf/python_result_pdf/Sim2_S=3_S1=1_m=5 Speed Tracking.pdf Graphic
 file (type pdf)
<use result_pdf/python_result_pdf/Sim2_S=3_S1=1_m=5 Speed Tracking.pdf>
Package pdftex.def Info: result_pdf/python_result_pdf/Sim2_S=3_S1=1_m=5 Speed T
racking.pdf  used on input line 247.
(pdftex.def)             Requested size: 118.4403pt x 94.74828pt.
<result_pdf/python_result_pdf/Sim2_S=3_S1=2_m=5 Speed Tracking.pdf, id=544, 722
.7pt x 578.16pt>
File: result_pdf/python_result_pdf/Sim2_S=3_S1=2_m=5 Speed Tracking.pdf Graphic
 file (type pdf)
<use result_pdf/python_result_pdf/Sim2_S=3_S1=2_m=5 Speed Tracking.pdf>
Package pdftex.def Info: result_pdf/python_result_pdf/Sim2_S=3_S1=2_m=5 Speed T
racking.pdf  used on input line 254.
(pdftex.def)             Requested size: 118.4403pt x 94.74828pt.
<result_pdf/python_result_pdf/Sim2_S=1 Control Inputs.pdf, id=545, 722.7pt x 57
8.16pt>
File: result_pdf/python_result_pdf/Sim2_S=1 Control Inputs.pdf Graphic file (ty
pe pdf)
<use result_pdf/python_result_pdf/Sim2_S=1 Control Inputs.pdf>
Package pdftex.def Info: result_pdf/python_result_pdf/Sim2_S=1 Control Inputs.p
df  used on input line 276.
(pdftex.def)             Requested size: 118.4403pt x 94.74828pt.
<result_pdf/python_result_pdf/Sim2_S=2 Control Inputs.pdf, id=546, 722.7pt x 57
8.16pt>
File: result_pdf/python_result_pdf/Sim2_S=2 Control Inputs.pdf Graphic file (ty
pe pdf)
<use result_pdf/python_result_pdf/Sim2_S=2 Control Inputs.pdf>
Package pdftex.def Info: result_pdf/python_result_pdf/Sim2_S=2 Control Inputs.p
df  used on input line 283.
(pdftex.def)             Requested size: 118.4403pt x 94.74828pt.
<result_pdf/python_result_pdf/Sim2_S=3_S1=1_m=5 Control Inputs.pdf, id=547, 722
.7pt x 578.16pt>
File: result_pdf/python_result_pdf/Sim2_S=3_S1=1_m=5 Control Inputs.pdf Graphic
 file (type pdf)
<use result_pdf/python_result_pdf/Sim2_S=3_S1=1_m=5 Control Inputs.pdf>
Package pdftex.def Info: result_pdf/python_result_pdf/Sim2_S=3_S1=1_m=5 Control
 Inputs.pdf  used on input line 291.
(pdftex.def)             Requested size: 118.4403pt x 94.74828pt.
<result_pdf/python_result_pdf/Sim2_S=3_S1=2_m=5 Control Inputs.pdf, id=548, 722
.7pt x 578.16pt>
File: result_pdf/python_result_pdf/Sim2_S=3_S1=2_m=5 Control Inputs.pdf Graphic
 file (type pdf)
<use result_pdf/python_result_pdf/Sim2_S=3_S1=2_m=5 Control Inputs.pdf>
Package pdftex.def Info: result_pdf/python_result_pdf/Sim2_S=3_S1=2_m=5 Control
 Inputs.pdf  used on input line 298.
(pdftex.def)             Requested size: 118.4403pt x 94.74828pt.
<result_pdf/python_result_pdf/Sim2_S=1 Disturbance Estimation.pdf, id=549, 722.
7pt x 578.16pt>
File: result_pdf/python_result_pdf/Sim2_S=1 Disturbance Estimation.pdf Graphic 
file (type pdf)
<use result_pdf/python_result_pdf/Sim2_S=1 Disturbance Estimation.pdf>
Package pdftex.def Info: result_pdf/python_result_pdf/Sim2_S=1 Disturbance Esti
mation.pdf  used on input line 320.
(pdftex.def)             Requested size: 118.4403pt x 94.74828pt.
<result_pdf/python_result_pdf/Sim2_S=2 Disturbance Estimation.pdf, id=550, 722.
7pt x 578.16pt>
File: result_pdf/python_result_pdf/Sim2_S=2 Disturbance Estimation.pdf Graphic 
file (type pdf)
<use result_pdf/python_result_pdf/Sim2_S=2 Disturbance Estimation.pdf>
Package pdftex.def Info: result_pdf/python_result_pdf/Sim2_S=2 Disturbance Esti
mation.pdf  used on input line 327.
(pdftex.def)             Requested size: 118.4403pt x 94.74828pt.
<result_pdf/python_result_pdf/Sim2_S=3_S1=1_m=5 Disturbance Estimation.pdf, id=
551, 722.7pt x 578.16pt>
File: result_pdf/python_result_pdf/Sim2_S=3_S1=1_m=5 Disturbance Estimation.pdf
 Graphic file (type pdf)
<use result_pdf/python_result_pdf/Sim2_S=3_S1=1_m=5 Disturbance Estimation.pdf>

Package pdftex.def Info: result_pdf/python_result_pdf/Sim2_S=3_S1=1_m=5 Disturb
ance Estimation.pdf  used on input line 335.
(pdftex.def)             Requested size: 118.4403pt x 94.74828pt.
<result_pdf/python_result_pdf/Sim2_S=3_S1=2_m=5 Disturbance Estimation.pdf, id=
552, 722.7pt x 578.16pt>
File: result_pdf/python_result_pdf/Sim2_S=3_S1=2_m=5 Disturbance Estimation.pdf
 Graphic file (type pdf)
<use result_pdf/python_result_pdf/Sim2_S=3_S1=2_m=5 Disturbance Estimation.pdf>

Package pdftex.def Info: result_pdf/python_result_pdf/Sim2_S=3_S1=2_m=5 Disturb
ance Estimation.pdf  used on input line 342.
(pdftex.def)             Requested size: 118.4403pt x 94.74828pt.
) [11 <./result_pdf/python_result_pdf/Sim1_S=1 Tracking.pdf> <./result_pdf/pyth
on_result_pdf/Sim1_S=2 Tracking.pdf> <./result_pdf/python_result_pdf/Sim1_S=1 D
isturbance Estimation.pdf> <./result_pdf/python_result_pdf/Sim1_S=2 Disturbance
 Estimation.pdf>] [12 <./result_pdf/python_result_pdf/Sim1_S=3_S1=1_m=19 Tracki
ng.pdf> <./result_pdf/python_result_pdf/Sim1_S=3_S1=2_m=5 Tracking.pdf> <./resu
lt_pdf/python_result_pdf/Sim1_S=3_S1=2_m=19 Tracking.pdf> <./result_pdf/python_
result_pdf/Sim1_S=3_S1=2_m=50 Tracking.pdf> <./result_pdf/python_result_pdf/Sim
1_S=3_S1=1_m=19 Disturbance Estimation.pdf> <./result_pdf/python_result_pdf/Sim
1_S=3_S1=2_m=5 Disturbance Estimation.pdf> <./result_pdf/python_result_pdf/Sim1
_S=3_S1=2_m=19 Disturbance Estimation.pdf> <./result_pdf/python_result_pdf/Sim1
_S=3_S1=2_m=50 Disturbance Estimation.pdf> <./result_pdf/python_result_pdf/Sim2
_S=1 Position Tracking.pdf> <./result_pdf/python_result_pdf/Sim2_S=2 Position T
racking.pdf> <./result_pdf/python_result_pdf/Sim2_S=3_S1=1_m=5 Position Trackin
g.pdf> <./result_pdf/python_result_pdf/Sim2_S=3_S1=2_m=5 Position Tracking.pdf>
 <./result_pdf/python_result_pdf/Sim2_S=1 Speed Tracking.pdf> <./result_pdf/pyt
hon_result_pdf/Sim2_S=2 Speed Tracking.pdf> <./result_pdf/python_result_pdf/Sim
2_S=3_S1=1_m=5 Speed Tracking.pdf> <./result_pdf/python_result_pdf/Sim2_S=3_S1=
2_m=5 Speed Tracking.pdf>]
[13

 <./result_pdf/python_result_pdf/Sim2_S=1 Control Inputs.pdf> <./result_pdf/pyt
hon_result_pdf/Sim2_S=2 Control Inputs.pdf> <./result_pdf/python_result_pdf/Sim
2_S=3_S1=1_m=5 Control Inputs.pdf> <./result_pdf/python_result_pdf/Sim2_S=3_S1=
2_m=5 Control Inputs.pdf> <./result_pdf/python_result_pdf/Sim2_S=1 Disturbance 
Estimation.pdf> <./result_pdf/python_result_pdf/Sim2_S=2 Disturbance Estimation
.pdf> <./result_pdf/python_result_pdf/Sim2_S=3_S1=1_m=5 Disturbance Estimation.
pdf> <./result_pdf/python_result_pdf/Sim2_S=3_S1=2_m=5 Disturbance Estimation.p
df>] (bare_jrnl.aux)
 ***********
LaTeX2e <2023-06-01> patch level 1
L3 programming layer <2023-08-29>
 ***********
Package rerunfilecheck Info: File `bare_jrnl.out' has not changed.
(rerunfilecheck)             Checksum: A3751EE7E246F181ECB788B3CD7A1806;5949.
 ) 
Here is how much of TeX's memory you used:
 14162 strings out of 475247
 240081 string characters out of 5774207
 1948785 words of memory out of 5000000
 35305 multiletter control sequences out of 15000+600000
 603608 words of font info for 133 fonts, out of 8000000 for 9000
 1144 hyphenation exceptions out of 8191
 75i,17n,79p,966b,550s stack positions out of 10000i,1000n,20000p,200000b,200000s
<D:/MiKTeX/fonts/type1/public/amsfonts/cm/cmex10.pfb><D:/MiKTeX/fonts/type1/p
ublic/amsfonts/cmextra/cmex8.pfb><D:/MiKTeX/fonts/type1/public/amsfonts/cm/cmmi
10.pfb><D:/MiKTeX/fonts/type1/public/amsfonts/cm/cmmi5.pfb><D:/MiKTeX/fonts/typ
e1/public/amsfonts/cm/cmmi6.pfb><D:/MiKTeX/fonts/type1/public/amsfonts/cm/cmmi7
.pfb><D:/MiKTeX/fonts/type1/public/amsfonts/cm/cmmi8.pfb><D:/MiKTeX/fonts/type1
/public/amsfonts/cm/cmmi9.pfb><D:/MiKTeX/fonts/type1/public/amsfonts/cm/cmr10.p
fb><D:/MiKTeX/fonts/type1/public/amsfonts/cm/cmr6.pfb><D:/MiKTeX/fonts/type1/pu
blic/amsfonts/cm/cmr7.pfb><D:/MiKTeX/fonts/type1/public/amsfonts/cm/cmr8.pfb><D
:/MiKTeX/fonts/type1/public/amsfonts/cm/cmr9.pfb><D:/MiKTeX/fonts/type1/public/
amsfonts/cm/cmsy10.pfb><D:/MiKTeX/fonts/type1/public/amsfonts/cm/cmsy6.pfb><D:/
MiKTeX/fonts/type1/public/amsfonts/cm/cmsy7.pfb><D:/MiKTeX/fonts/type1/public/a
msfonts/symbols/msam10.pfb><D:/MiKTeX/fonts/type1/public/amsfonts/symbols/msbm1
0.pfb><D:/MiKTeX/fonts/type1/urw/times/utmb8a.pfb><D:/MiKTeX/fonts/type1/urw/ti
mes/utmbi8a.pfb><D:/MiKTeX/fonts/type1/urw/times/utmr8a.pfb><D:/MiKTeX/fonts/ty
pe1/urw/times/utmri8a.pfb>
Output written on bare_jrnl.pdf (13 pages, 1275069 bytes).
PDF statistics:
 1779 PDF objects out of 2073 (max. 8388607)
 154 named destinations out of 1000 (max. 500000)
 453 words of extra memory for PDF output out of 10000 (max. 10000000)

